
> the-grimoire@1.0.0 build
> vite build

[36mvite v7.3.6 [32mbuilding client environment for production...[36m[39m
transforming...
[32m✓[39m 67 modules transformed.
[31m✗[39m Build failed in 3.68s
[31merror during build:
[31m[vite:esbuild] Transform failed with 5 errors:
/home/runner/work/The-Grimoire/The-Grimoire/src/pages/character-sheet.tsx:2755:14: ERROR: Unexpected closing "CardContent" tag does not match opening "div" tag
/home/runner/work/The-Grimoire/The-Grimoire/src/pages/character-sheet.tsx:2756:12: ERROR: Unexpected closing "Card" tag does not match opening "CardContent" tag
/home/runner/work/The-Grimoire/The-Grimoire/src/pages/character-sheet.tsx:2758:10: ERROR: Unexpected closing "div" tag does not match opening "Card" tag
/home/runner/work/The-Grimoire/The-Grimoire/src/pages/character-sheet.tsx:5474:0: ERROR: The character "}" is not valid inside a JSX element
/home/runner/work/The-Grimoire/The-Grimoire/src/pages/character-sheet.tsx:5475:0: ERROR: Unexpected end of file before a closing "div" tag[31m
file: [36m/home/runner/work/The-Grimoire/The-Grimoire/src/pages/character-sheet.tsx:2755:14[31m
[33m
[33mUnexpected closing "CardContent" tag does not match opening "div" tag[33m
2753 |  
2754 |                </div>
2755 |              </CardContent>
     |                ^
2756 |            </Card>
2757 |  

[33mUnexpected closing "Card" tag does not match opening "CardContent" tag[33m
2754 |                </div>
2755 |              </CardContent>
2756 |            </Card>
     |              ^
2757 |  
2758 |          </div>

[33mUnexpected closing "div" tag does not match opening "Card" tag[33m
2756 |            </Card>
2757 |  
2758 |          </div>
     |            ^
2759 |  
2760 |          {/* COLUMN 2: DICE HUD (1/3 width) */}

[33mThe character "}" is not valid inside a JSX element[33m
5472 |      </div>
5473 |    );
5474 |  }
     |  ^
5475 |  

[33mUnexpected end of file before a closing "div" tag[33m
5473 |    );
5474 |  }
5475 |  
     |  ^
[31m
    at failureErrorWithLog (/home/runner/work/The-Grimoire/The-Grimoire/node_modules/esbuild/lib/main.js:1748:15)
    at /home/runner/work/The-Grimoire/The-Grimoire/node_modules/esbuild/lib/main.js:1017:50
    at responseCallbacks.<computed> (/home/runner/work/The-Grimoire/The-Grimoire/node_modules/esbuild/lib/main.js:884:9)
    at handleIncomingPacket (/home/runner/work/The-Grimoire/The-Grimoire/node_modules/esbuild/lib/main.js:939:12)
    at Socket.readFromStdout (/home/runner/work/The-Grimoire/The-Grimoire/node_modules/esbuild/lib/main.js:862:7)
    at Socket.emit (node:events:519:28)
    at addChunk (node:internal/streams/readable:561:12)
    at readableAddChunkPushByteMode (node:internal/streams/readable:512:3)
    at Readable.push (node:internal/streams/readable:392:5)
    at Pipe.onStreamRead (node:internal/stream_base_commons:189:23)[39m
